# This file will contain all of the tests of input and  expected output throught the sequ project. This file will contain all of the testing throughout the entire project.
# Name: Justin Shuck
# Copy right (c)  Justin Shuck

# Compliance Level 1
Input				Expected output
sequ 1 5			1 2 3 4 5 
confirmed
sequ 1 2 10			1 3 5 7 9

sequ -s a 1 5			1a2a3a4a5
Confirmed
sequ --separator=a 1 5		1a2a3a4a5
Confirmed
sequ --separator 1 a 5		Error
Confirmed
sequ -s 1 5			1 2 3 4 5
Confirmed
sequ -w 8 10			08 09 10
Confirmed.

sequ -w 1 2 11			01 03 05 07 09 11
Confirmed
sequ --equalwidth 9 10		09 10
Confirmed
sequ --equalwidth 1 5 26	01 06 11 16 21 26
Confirmed

sequ -h				display commands
Confirmed
sequ -h 1 5			display commands 1 2 3 4 5
Confirmed
sequ -v				display version
Cofirmed
sequ -v	1 5			display version
Confirmed

sequ --format %X 10 15		A B C D E F
Confirmed
sequ -f %X 10 15		A B C D E F
Confirmed
sequ --format %go 10 15		Error
Confirmed
sequ -f %go 10 15		Error
Confirmed

sequ -fs=a 1 4			Error
Confirmed
sequ -fw 7 10			Error
Confirmed
sequ -fh			Error
Confirmed
sequ -fswhv			Error
Confirmed
sequ -fswhv 1 4			Error
Confirmed
